[blockchaininstanthelpdesk.com/index.html]
[backblue.gif]
[fade.gif]
[index.html]
[blockchaininstanthelpdesk.com/static/img/ms-icon-144x144.png]
[www.blockchain.com/static/img/home/opengraph.png]
[blockchaininstanthelpdesk.com/static/apple-touch-icon.png]
[blockchaininstanthelpdesk.com/static/favicon-32x32.png]
[blockchaininstanthelpdesk.com/static/favicon-16x16.png]
[blockchaininstanthelpdesk.com/static/favicon.ico]
[rsms.me/inter/inter.css]
[blockchaininstanthelpdesk.com/output.css]
[blockchaininstanthelpdesk.com/manifest.8.delayed]
[blockchaininstanthelpdesk.com/_next/static/css/98e8a879deec178c.css]
[blockchaininstanthelpdesk.com/_next/static/chunks/polyfills-c67a75d1b6f99dc8.js]
[blockchaininstanthelpdesk.com/_next/static/chunks/webpack-63695443719ff942.js]
[blockchaininstanthelpdesk.com/_next/static/chunks/framework-79bce4a3a540b080.js]
[blockchaininstanthelpdesk.com/_next/static/chunks/main-fa07688dd0696eba.js]
[blockchaininstanthelpdesk.com/_next/static/chunks/pages/_app-5e315d6c28889747.js]
[blockchaininstanthelpdesk.com/_next/static/chunks/1311-167a9a49783e312a.js]
[blockchaininstanthelpdesk.com/_next/static/chunks/3899-06468ed7f1d5748e.js]
[blockchaininstanthelpdesk.com/_next/static/chunks/3920-9e00a86c305d1d10.js]
[blockchaininstanthelpdesk.com/_next/static/chunks/8989-cba1bdb258a76837.js]
[blockchaininstanthelpdesk.com/_next/static/chunks/9224-0e8e1fefb03df683.js]
[blockchaininstanthelpdesk.com/_next/static/chunks/4116-1a12ee6cbeef047b.js]
[blockchaininstanthelpdesk.com/_next/static/chunks/9019-b42f3fae320b8497.js]
[blockchaininstanthelpdesk.com/_next/static/chunks/7842-7bdb0beaab10ff60.js]
[blockchaininstanthelpdesk.com/_next/static/chunks/794-5c817b202dcd29b2.js]
[blockchaininstanthelpdesk.com/_next/static/chunks/5883-8ccc764bec0cc1b1.js]
[blockchaininstanthelpdesk.com/_next/static/chunks/8666-e969fb13d05aa5c6.js]
[blockchaininstanthelpdesk.com/_next/static/chunks/9499-aef1eddc1ed5239f.js]
[blockchaininstanthelpdesk.com/_next/static/chunks/pages/index-25c86ea25f4293e5.js]
[blockchaininstanthelpdesk.com/_next/static/rCrS19XLpDGA077tAFoXN/_buildManifest.js]
[blockchaininstanthelpdesk.com/_next/static/rCrS19XLpDGA077tAFoXN/_ssgManifest.js]
[blockchaininstanthelpdesk.com/static/img/banner/banner-bg.svg]
[blockchaininstanthelpdesk.com/images/home-hero-gradient.svg]
[blockchaininstanthelpdesk.com/static/img/home/homepage-app-shapes-bg@2x.21.delayed]
[blockchaininstanthelpdesk.com/static/img/home/homepage-app-shapes-bg.png]
[blockchaininstanthelpdesk.com/static/img/home/homepage-exchange-shapes-bg@2x.png]
[blockchaininstanthelpdesk.com/static/img/home/homepage-exchange-shapes-bg.png]
[blockchaininstanthelpdesk.com/static/img/home/homepage-explorer-shapes-bg@2x.png]
[blockchaininstanthelpdesk.com/static/img/home/homepage-explorer-shapes-bg.png]
[blockchaininstanthelpdesk.com/static/img/home/homepage-institutional-shapes-bg@2x.png]
[blockchaininstanthelpdesk.com/static/img/home/homepage-institutional-shapes-bg.png]
[blockchaininstanthelpdesk.com/static/img/down-arrow.png]
[blockchaininstanthelpdesk.com/static/img/icons/icon-chevron-right.svg]
[blockchaininstanthelpdesk.com/images/static/app-connect-defi.2c.delayed]
[blockchaininstanthelpdesk.com/images/static/app-earn-rewards.png]
[blockchaininstanthelpdesk.com/images/static/app-self-custody.png]
[blockchaininstanthelpdesk.com/images/static/app-ease.png]
[blockchaininstanthelpdesk.com/complaint.html]
[blockchaininstanthelpdesk.com/images/static/prod-exchange-fiat-currencies.png]
[blockchaininstanthelpdesk.com/images/static/prod-exchange-matching-engine-sm.png]
[blockchaininstanthelpdesk.com/images/static/prod-exchange-chat-support-sm.png]
[blockchaininstanthelpdesk.com/images/static/ex-landing-margin-image.png]
[blockchaininstanthelpdesk.com/images/static/prod-explore-blockchains-sm.png]
[blockchaininstanthelpdesk.com/images/static/prod-explore-prices-sm.png]
[blockchaininstanthelpdesk.com/images/static/prod-explore-api-sm.png]
[blockchaininstanthelpdesk.com/images/static/prod-explore-charts-sm.png]
[blockchaininstanthelpdesk.com/images/static/prod-explore-blockchains.png]
[blockchaininstanthelpdesk.com/images/static/spinningIcons.gif]
[cdn.polyfill.io/v2/polyfill.min8a7a.js]
[www.google-analytics.com/analytics.js]
[blockchaininstanthelpdesk.com/index.html]
[blockchaininstanthelpdesk.com/static/img/ms-icon-144x144.html]
[blockchaininstanthelpdesk.com/static/apple-touch-icon.html]
[blockchaininstanthelpdesk.com/static/favicon-32x32.html]
[blockchaininstanthelpdesk.com/static/favicon-16x16.html]
[blockchaininstanthelpdesk.com/static/favicon.html]
[rsms.me/inter/font-files/Inter-Thin3535.woff2]
[rsms.me/inter/font-files/Inter-ThinItalic3535.woff2]
[rsms.me/inter/font-files/Inter-ExtraLight3535.woff2]
[rsms.me/inter/font-files/Inter-ExtraLightItalic3535.woff2]
[rsms.me/inter/font-files/Inter-Light3535.woff2]
[rsms.me/inter/font-files/Inter-LightItalic3535.woff2]
[rsms.me/inter/font-files/Inter-Regular3535.woff2]
[rsms.me/inter/font-files/Inter-Italic3535.woff2]
[rsms.me/inter/font-files/Inter-Medium3535.woff2]
[rsms.me/inter/font-files/Inter-MediumItalic3535.woff2]
[rsms.me/inter/font-files/Inter-SemiBold3535.woff2]
[rsms.me/inter/font-files/Inter-SemiBoldItalic3535.woff2]
[rsms.me/inter/font-files/Inter-Bold3535.woff2]
[rsms.me/inter/font-files/Inter-BoldItalic3535.woff2]
[rsms.me/inter/font-files/Inter-ExtraBold3535.woff2]
[rsms.me/inter/font-files/Inter-ExtraBoldItalic3535.woff2]
[rsms.me/inter/font-files/Inter-Black3535.woff2]
[rsms.me/inter/font-files/Inter-BlackItalic3535.woff2]
[rsms.me/inter/font-files/Inter-roman.var3535.woff2]
[rsms.me/inter/font-files/Inter-italic.var3535.woff2]
[rsms.me/inter/font-files/Inter.var3535.woff2]
[rsms.me/inter/inter.css]
[blockchaininstanthelpdesk.com/output.css]
[blockchaininstanthelpdesk.com/manifest.html]
[www.googletagmanager.com/gtm5445.html]
[blockchaininstanthelpdesk.com/_next/static/css/98e8a879deec178c.html]
[blockchaininstanthelpdesk.com/_next/static/chunks/polyfills-c67a75d1b6f99dc8.html]
[blockchaininstanthelpdesk.com/_next/static/chunks/webpack-63695443719ff942.html]
[blockchaininstanthelpdesk.com/_next/static/chunks/framework-79bce4a3a540b080.html]
[blockchaininstanthelpdesk.com/_next/static/chunks/main-fa07688dd0696eba.html]
[blockchaininstanthelpdesk.com/_next/static/chunks/pages/_app-5e315d6c28889747.html]
[blockchaininstanthelpdesk.com/_next/static/chunks/1311-167a9a49783e312a.html]
[blockchaininstanthelpdesk.com/_next/static/chunks/3899-06468ed7f1d5748e.html]
[blockchaininstanthelpdesk.com/_next/static/chunks/3920-9e00a86c305d1d10.html]
[blockchaininstanthelpdesk.com/_next/static/chunks/8989-cba1bdb258a76837.html]
[blockchaininstanthelpdesk.com/_next/static/chunks/9224-0e8e1fefb03df683.html]
[blockchaininstanthelpdesk.com/_next/static/chunks/4116-1a12ee6cbeef047b.html]
[blockchaininstanthelpdesk.com/_next/static/chunks/9019-b42f3fae320b8497.html]
[blockchaininstanthelpdesk.com/_next/static/chunks/7842-7bdb0beaab10ff60.html]
[blockchaininstanthelpdesk.com/_next/static/chunks/794-5c817b202dcd29b2.html]
[blockchaininstanthelpdesk.com/_next/static/chunks/5883-8ccc764bec0cc1b1.html]
[blockchaininstanthelpdesk.com/_next/static/chunks/8666-e969fb13d05aa5c6.html]
[blockchaininstanthelpdesk.com/_next/static/chunks/9499-aef1eddc1ed5239f.html]
[blockchaininstanthelpdesk.com/_next/static/chunks/pages/index-25c86ea25f4293e5.html]
[blockchaininstanthelpdesk.com/_next/static/rCrS19XLpDGA077tAFoXN/_buildManifest.html]
[blockchaininstanthelpdesk.com/_next/static/rCrS19XLpDGA077tAFoXN/_ssgManifest.html]
[blockchaininstanthelpdesk.com/static/img/banner/banner-bg.html]
[blockchaininstanthelpdesk.com/images/home-hero-gradient.svg]
[blockchaininstanthelpdesk.com/static/img/home/homepage-app-shapes-bg@2x.html]
[blockchaininstanthelpdesk.com/static/img/home/homepage-app-shapes-bg.html]
[blockchaininstanthelpdesk.com/static/img/home/homepage-exchange-shapes-bg@2x.html]
[blockchaininstanthelpdesk.com/static/img/home/homepage-exchange-shapes-bg.html]
[blockchaininstanthelpdesk.com/static/img/home/homepage-explorer-shapes-bg@2x.html]
[blockchaininstanthelpdesk.com/static/img/home/homepage-explorer-shapes-bg.html]
[blockchaininstanthelpdesk.com/static/img/home/homepage-institutional-shapes-bg@2x.html]
[blockchaininstanthelpdesk.com/static/img/home/homepage-institutional-shapes-bg.html]
[blockchaininstanthelpdesk.com/static/img/down-arrow.html]
[blockchaininstanthelpdesk.com/static/img/icons/icon-chevron-right.html]
[blockchaininstanthelpdesk.com/complaint.js]
[blockchaininstanthelpdesk.com/complaint.html]
[blockchaininstanthelpdesk.com/images/static/app-connect-defi.html]
[blockchaininstanthelpdesk.com/images/static/app-earn-rewards.html]
[blockchaininstanthelpdesk.com/images/static/app-self-custody.html]
[blockchaininstanthelpdesk.com/images/static/app-ease.html]
[blockchaininstanthelpdesk.com/images/static/prod-exchange-fiat-currencies.html]
[blockchaininstanthelpdesk.com/images/static/prod-exchange-matching-engine-sm.html]
[blockchaininstanthelpdesk.com/images/static/prod-exchange-chat-support-sm.html]
[blockchaininstanthelpdesk.com/images/static/ex-landing-margin-image.html]
[blockchaininstanthelpdesk.com/images/static/prod-explore-blockchains-sm.html]
[blockchaininstanthelpdesk.com/images/static/prod-explore-prices-sm.html]
[blockchaininstanthelpdesk.com/images/static/prod-explore-api-sm.html]
[blockchaininstanthelpdesk.com/images/static/prod-explore-charts-sm.html]
[blockchaininstanthelpdesk.com/images/static/prod-explore-blockchains.html]
[cdnjs.cloudflare.com/ajax/libs/flowbite/1.6.2/flowbite.min.js]
[blockchaininstanthelpdesk.com/complaint.js]
[blockchaininstanthelpdesk.com/static/img/home/home-hero-gradient.svg]
[blockchaininstanthelpdesk.com/static/img/home/home-hero-gradient.svg]
